// Jest Snapshot v1, https://goo.gl/fbAQLP

exports[`test Cart renders correctly 1`] = `
<div>
  <button
    aria-label="Open"
    class="tab flex select-none items-center justify-center gap-2 rounded-lg bg-transparent py-2 px-3 
         font-medium transition duration-300 hover:text-primary active:scale-90 active:duration-150 
         enabled:hover:bg-accent disabled:cursor-not-allowed disabled:brightness-50 relative !p-2"
    type="button"
  >
    <svg
      fill="currentColor"
      height="24"
      stroke="currentColor"
      stroke-width="0"
      viewBox="0 0 24 24"
      width="24"
      xmlns="http://www.w3.org/2000/svg"
    >
      <path
        d="M0 0h24v24H0z"
        fill="none"
      />
      <path
        d="M7 18c-1.1 0-1.99.9-1.99 2S5.9 22 7 22s2-.9 2-2-.9-2-2-2zM1 2v2h2l3.6 7.59-1.35 2.45c-.16.28-.25.61-.25.96 0 1.1.9 2 2 2h12v-2H7.42c-.14 0-.25-.11-.25-.25l.03-.12.9-1.63h7.45c.75 0 1.41-.41 1.75-1.03l3.58-6.49A1.003 1.003 0 0020 4H5.21l-.94-2H1zm16 16c-1.1 0-1.99.9-1.99 2s.89 2 1.99 2 2-.9 2-2-.9-2-2-2z"
      />
    </svg>
    <span
      class="absolute -right-0.5 -top-0.5 flex h-5 min-w-[20px] items-center justify-center rounded-full bg-main-red p-1 text-xs"
    >
      6
    </span>
  </button>
</div>
`;
